2025-12-22 17:00:11,981 - INFO - Cash-in forecast script started
2025-12-22 17:00:15,015 - INFO - n_changepoints greater than number of observations. Using 1.
2025-12-22 17:00:15,031 - INFO - Chain [1] start processing
2025-12-22 17:00:15,759 - INFO - Chain [1] done processing
2025-12-22 17:00:18,463 - INFO - n_changepoints greater than number of observations. Using 2.
2025-12-22 17:00:18,470 - INFO - Chain [1] start processing
2025-12-22 17:00:20,819 - INFO - Chain [1] done processing
2025-12-22 17:00:22,154 - INFO - n_changepoints greater than number of observations. Using 1.
2025-12-22 17:00:22,163 - INFO - Chain [1] start processing
2025-12-22 17:00:22,446 - INFO - Chain [1] done processing
2025-12-22 17:00:23,458 - INFO - n_changepoints greater than number of observations. Using 1.
2025-12-22 17:00:23,466 - INFO - Chain [1] start processing
2025-12-22 17:00:24,139 - INFO - Chain [1] done processing
2025-12-22 17:00:25,146 - INFO - n_changepoints greater than number of observations. Using 4.
2025-12-22 17:00:25,153 - INFO - Chain [1] start processing
2025-12-22 17:00:25,742 - INFO - Chain [1] done processing
2025-12-22 17:00:26,712 - INFO - n_changepoints greater than number of observations. Using 5.
2025-12-22 17:00:26,719 - INFO - Chain [1] start processing
2025-12-22 17:00:26,829 - INFO - Chain [1] done processing
2025-12-22 17:00:27,897 - INFO - n_changepoints greater than number of observations. Using 3.
2025-12-22 17:00:27,905 - INFO - Chain [1] start processing
2025-12-22 17:00:28,197 - INFO - Chain [1] done processing
2025-12-22 17:00:29,138 - INFO - n_changepoints greater than number of observations. Using 5.
2025-12-22 17:00:29,148 - INFO - Chain [1] start processing
2025-12-22 17:00:29,271 - INFO - Chain [1] done processing
2025-12-22 17:00:30,266 - INFO - n_changepoints greater than number of observations. Using 6.
2025-12-22 17:00:30,277 - INFO - Chain [1] start processing
2025-12-22 17:00:30,372 - INFO - Chain [1] done processing
2025-12-22 17:00:31,273 - INFO - n_changepoints greater than number of observations. Using 7.
2025-12-22 17:00:31,282 - INFO - Chain [1] start processing
2025-12-22 17:00:31,380 - INFO - Chain [1] done processing
2025-12-22 17:00:32,336 - INFO - n_changepoints greater than number of observations. Using 6.
2025-12-22 17:00:32,344 - INFO - Chain [1] start processing
2025-12-22 17:00:32,478 - INFO - Chain [1] done processing
2025-12-22 17:00:33,414 - INFO - n_changepoints greater than number of observations. Using 5.
2025-12-22 17:00:33,423 - INFO - Chain [1] start processing
2025-12-22 17:00:33,534 - INFO - Chain [1] done processing
2025-12-22 17:00:34,480 - INFO - n_changepoints greater than number of observations. Using 6.
2025-12-22 17:00:34,489 - INFO - Chain [1] start processing
2025-12-22 17:00:34,615 - INFO - Chain [1] done processing
2025-12-22 17:00:35,644 - INFO - n_changepoints greater than number of observations. Using 6.
2025-12-22 17:00:35,652 - INFO - Chain [1] start processing
2025-12-22 17:00:35,754 - INFO - Chain [1] done processing
2025-12-22 17:00:36,663 - INFO - n_changepoints greater than number of observations. Using 7.
2025-12-22 17:00:36,675 - INFO - Chain [1] start processing
2025-12-22 17:00:36,771 - INFO - Chain [1] done processing
2025-12-22 17:00:37,715 - INFO - n_changepoints greater than number of observations. Using 6.
2025-12-22 17:00:37,727 - INFO - Chain [1] start processing
2025-12-22 17:00:44,141 - INFO - Chain [1] done processing
2025-12-22 17:00:45,278 - INFO - n_changepoints greater than number of observations. Using 3.
2025-12-22 17:00:45,286 - INFO - Chain [1] start processing
2025-12-22 17:00:50,114 - INFO - Chain [1] done processing
2025-12-22 17:00:51,235 - INFO - n_changepoints greater than number of observations. Using 1.
2025-12-22 17:00:51,243 - INFO - Chain [1] start processing
2025-12-22 17:00:51,486 - INFO - Chain [1] done processing
2025-12-22 17:00:52,537 - INFO - n_changepoints greater than number of observations. Using 7.
2025-12-22 17:00:52,545 - INFO - Chain [1] start processing
2025-12-22 17:00:52,655 - INFO - Chain [1] done processing
2025-12-22 17:00:53,755 - INFO - n_changepoints greater than number of observations. Using 1.
2025-12-22 17:00:53,764 - INFO - Chain [1] start processing
2025-12-22 17:00:56,004 - INFO - Chain [1] done processing
2025-12-22 17:00:57,059 - INFO - n_changepoints greater than number of observations. Using 3.
2025-12-22 17:00:57,066 - INFO - Chain [1] start processing
2025-12-22 17:00:57,339 - INFO - Chain [1] done processing
2026-01-12 16:16:01,605 - INFO - Cash-in forecast script started
2026-01-12 16:16:04,727 - INFO - n_changepoints greater than number of observations. Using 1.
2026-01-12 16:16:04,738 - INFO - Chain [1] start processing
2026-01-12 16:16:05,503 - INFO - Chain [1] done processing
2026-01-12 16:16:08,215 - INFO - n_changepoints greater than number of observations. Using 2.
2026-01-12 16:16:08,223 - INFO - Chain [1] start processing
2026-01-12 16:16:10,189 - INFO - Chain [1] done processing
2026-01-12 16:16:11,074 - INFO - n_changepoints greater than number of observations. Using 1.
2026-01-12 16:16:11,081 - INFO - Chain [1] start processing
2026-01-12 16:16:11,266 - INFO - Chain [1] done processing
2026-01-12 16:16:12,194 - INFO - n_changepoints greater than number of observations. Using 1.
2026-01-12 16:16:12,201 - INFO - Chain [1] start processing
2026-01-12 16:16:12,755 - INFO - Chain [1] done processing
2026-01-12 16:16:13,927 - INFO - n_changepoints greater than number of observations. Using 4.
2026-01-12 16:16:13,934 - INFO - Chain [1] start processing
2026-01-12 16:16:14,558 - INFO - Chain [1] done processing
2026-01-12 16:16:15,499 - INFO - n_changepoints greater than number of observations. Using 5.
2026-01-12 16:16:15,506 - INFO - Chain [1] start processing
2026-01-12 16:16:15,605 - INFO - Chain [1] done processing
2026-01-12 16:16:16,518 - INFO - n_changepoints greater than number of observations. Using 3.
2026-01-12 16:16:16,544 - INFO - Chain [1] start processing
2026-01-12 16:16:16,837 - INFO - Chain [1] done processing
2026-01-12 16:16:17,773 - INFO - n_changepoints greater than number of observations. Using 5.
2026-01-12 16:16:17,800 - INFO - Chain [1] start processing
2026-01-12 16:16:17,921 - INFO - Chain [1] done processing
2026-01-12 16:16:18,951 - INFO - n_changepoints greater than number of observations. Using 6.
2026-01-12 16:16:18,959 - INFO - Chain [1] start processing
2026-01-12 16:16:19,051 - INFO - Chain [1] done processing
2026-01-12 16:16:19,976 - INFO - n_changepoints greater than number of observations. Using 7.
2026-01-12 16:16:20,002 - INFO - Chain [1] start processing
2026-01-12 16:16:20,101 - INFO - Chain [1] done processing
2026-01-12 16:16:21,037 - INFO - n_changepoints greater than number of observations. Using 6.
2026-01-12 16:16:21,045 - INFO - Chain [1] start processing
2026-01-12 16:16:21,195 - INFO - Chain [1] done processing
2026-01-12 16:16:22,145 - INFO - n_changepoints greater than number of observations. Using 5.
2026-01-12 16:16:22,152 - INFO - Chain [1] start processing
2026-01-12 16:16:22,256 - INFO - Chain [1] done processing
2026-01-12 16:16:23,185 - INFO - n_changepoints greater than number of observations. Using 6.
2026-01-12 16:16:23,194 - INFO - Chain [1] start processing
2026-01-12 16:16:23,338 - INFO - Chain [1] done processing
2026-01-12 16:16:24,247 - INFO - n_changepoints greater than number of observations. Using 6.
2026-01-12 16:16:24,255 - INFO - Chain [1] start processing
2026-01-12 16:16:24,364 - INFO - Chain [1] done processing
2026-01-12 16:16:25,260 - INFO - n_changepoints greater than number of observations. Using 7.
2026-01-12 16:16:25,267 - INFO - Chain [1] start processing
2026-01-12 16:16:25,403 - INFO - Chain [1] done processing
2026-01-12 16:16:26,307 - INFO - n_changepoints greater than number of observations. Using 6.
2026-01-12 16:16:26,334 - INFO - Chain [1] start processing
2026-01-12 16:16:31,654 - INFO - Chain [1] done processing
2026-01-12 16:16:32,542 - INFO - n_changepoints greater than number of observations. Using 3.
2026-01-12 16:16:32,569 - INFO - Chain [1] start processing
2026-01-12 16:16:35,718 - INFO - Chain [1] done processing
2026-01-12 16:16:36,621 - INFO - n_changepoints greater than number of observations. Using 1.
2026-01-12 16:16:36,631 - INFO - Chain [1] start processing
2026-01-12 16:16:36,834 - INFO - Chain [1] done processing
2026-01-12 16:16:37,696 - INFO - n_changepoints greater than number of observations. Using 7.
2026-01-12 16:16:37,703 - INFO - Chain [1] start processing
2026-01-12 16:16:37,819 - INFO - Chain [1] done processing
2026-01-12 16:16:38,739 - INFO - n_changepoints greater than number of observations. Using 1.
2026-01-12 16:16:38,745 - INFO - Chain [1] start processing
2026-01-12 16:16:40,629 - INFO - Chain [1] done processing
2026-01-12 16:16:41,577 - INFO - n_changepoints greater than number of observations. Using 6.
2026-01-12 16:16:41,587 - INFO - Chain [1] start processing
2026-01-12 16:16:41,730 - INFO - Chain [1] done processing
2026-01-13 11:23:26,048 - INFO - Cash-in forecast script started
2026-01-13 11:23:30,388 - INFO - n_changepoints greater than number of observations. Using 1.
2026-01-13 11:23:30,399 - INFO - Chain [1] start processing
2026-01-13 11:23:31,065 - INFO - Chain [1] done processing
2026-01-13 11:23:33,985 - INFO - n_changepoints greater than number of observations. Using 2.
2026-01-13 11:23:33,993 - INFO - Chain [1] start processing
2026-01-13 11:23:36,357 - INFO - Chain [1] done processing
2026-01-13 11:23:38,347 - INFO - n_changepoints greater than number of observations. Using 1.
2026-01-13 11:23:38,353 - INFO - Chain [1] start processing
2026-01-13 11:23:38,536 - INFO - Chain [1] done processing
2026-01-13 11:23:39,528 - INFO - n_changepoints greater than number of observations. Using 1.
2026-01-13 11:23:39,534 - INFO - Chain [1] start processing
2026-01-13 11:23:40,169 - INFO - Chain [1] done processing
2026-01-13 11:23:41,235 - INFO - n_changepoints greater than number of observations. Using 4.
2026-01-13 11:23:41,243 - INFO - Chain [1] start processing
2026-01-13 11:23:41,862 - INFO - Chain [1] done processing
2026-01-13 11:23:42,858 - INFO - n_changepoints greater than number of observations. Using 5.
2026-01-13 11:23:42,864 - INFO - Chain [1] start processing
2026-01-13 11:23:43,007 - INFO - Chain [1] done processing
2026-01-13 11:23:43,954 - INFO - n_changepoints greater than number of observations. Using 3.
2026-01-13 11:23:43,962 - INFO - Chain [1] start processing
2026-01-13 11:23:44,274 - INFO - Chain [1] done processing
2026-01-13 11:23:45,244 - INFO - n_changepoints greater than number of observations. Using 5.
2026-01-13 11:23:45,251 - INFO - Chain [1] start processing
2026-01-13 11:23:45,381 - INFO - Chain [1] done processing
2026-01-13 11:23:46,392 - INFO - n_changepoints greater than number of observations. Using 6.
2026-01-13 11:23:46,420 - INFO - Chain [1] start processing
2026-01-13 11:23:46,515 - INFO - Chain [1] done processing
2026-01-13 11:23:47,446 - INFO - n_changepoints greater than number of observations. Using 7.
2026-01-13 11:23:47,456 - INFO - Chain [1] start processing
2026-01-13 11:23:47,554 - INFO - Chain [1] done processing
2026-01-13 11:23:48,452 - INFO - n_changepoints greater than number of observations. Using 6.
2026-01-13 11:23:48,459 - INFO - Chain [1] start processing
2026-01-13 11:23:48,607 - INFO - Chain [1] done processing
2026-01-13 11:23:49,490 - INFO - n_changepoints greater than number of observations. Using 5.
2026-01-13 11:23:49,500 - INFO - Chain [1] start processing
2026-01-13 11:23:49,604 - INFO - Chain [1] done processing
2026-01-13 11:23:50,512 - INFO - n_changepoints greater than number of observations. Using 6.
2026-01-13 11:23:50,521 - INFO - Chain [1] start processing
2026-01-13 11:23:50,638 - INFO - Chain [1] done processing
2026-01-13 11:23:51,557 - INFO - n_changepoints greater than number of observations. Using 6.
2026-01-13 11:23:51,567 - INFO - Chain [1] start processing
2026-01-13 11:23:51,658 - INFO - Chain [1] done processing
2026-01-13 11:23:52,582 - INFO - n_changepoints greater than number of observations. Using 7.
2026-01-13 11:23:52,592 - INFO - Chain [1] start processing
2026-01-13 11:23:52,693 - INFO - Chain [1] done processing
2026-01-13 11:23:53,615 - INFO - n_changepoints greater than number of observations. Using 6.
2026-01-13 11:23:53,626 - INFO - Chain [1] start processing
2026-01-13 11:23:59,227 - INFO - Chain [1] done processing
2026-01-13 11:24:00,210 - INFO - n_changepoints greater than number of observations. Using 3.
2026-01-13 11:24:00,237 - INFO - Chain [1] start processing
2026-01-13 11:24:03,930 - INFO - Chain [1] done processing
2026-01-13 11:24:04,997 - INFO - n_changepoints greater than number of observations. Using 1.
2026-01-13 11:24:05,006 - INFO - Chain [1] start processing
2026-01-13 11:24:05,248 - INFO - Chain [1] done processing
2026-01-13 11:24:07,288 - INFO - n_changepoints greater than number of observations. Using 7.
2026-01-13 11:24:07,330 - INFO - Chain [1] start processing
2026-01-13 11:24:07,579 - INFO - Chain [1] done processing
2026-01-13 11:24:08,704 - INFO - n_changepoints greater than number of observations. Using 1.
2026-01-13 11:24:08,711 - INFO - Chain [1] start processing
2026-01-13 11:24:10,900 - INFO - Chain [1] done processing
2026-01-13 11:24:12,245 - INFO - n_changepoints greater than number of observations. Using 6.
2026-01-13 11:24:12,252 - INFO - Chain [1] start processing
2026-01-13 11:24:12,387 - INFO - Chain [1] done processing
2026-01-13 11:30:52,542 - INFO - Cash-in forecast script started
2026-01-13 11:30:53,717 - INFO - n_changepoints greater than number of observations. Using 1.
2026-01-13 11:30:53,744 - INFO - Chain [1] start processing
2026-01-13 11:30:53,839 - INFO - Chain [1] done processing
2026-01-13 11:30:54,970 - INFO - n_changepoints greater than number of observations. Using 2.
2026-01-13 11:30:54,977 - INFO - Chain [1] start processing
2026-01-13 11:30:57,592 - INFO - Chain [1] done processing
2026-01-13 11:30:58,653 - INFO - n_changepoints greater than number of observations. Using 1.
2026-01-13 11:30:58,660 - INFO - Chain [1] start processing
2026-01-13 11:30:58,826 - INFO - Chain [1] done processing
2026-01-13 11:30:59,997 - INFO - n_changepoints greater than number of observations. Using 1.
2026-01-13 11:31:00,003 - INFO - Chain [1] start processing
2026-01-13 11:31:00,611 - INFO - Chain [1] done processing
2026-01-13 11:31:01,716 - INFO - n_changepoints greater than number of observations. Using 4.
2026-01-13 11:31:01,724 - INFO - Chain [1] start processing
2026-01-13 11:31:02,375 - INFO - Chain [1] done processing
2026-01-13 11:31:03,452 - INFO - n_changepoints greater than number of observations. Using 5.
2026-01-13 11:31:03,460 - INFO - Chain [1] start processing
2026-01-13 11:31:03,549 - INFO - Chain [1] done processing
2026-01-13 11:31:04,588 - INFO - n_changepoints greater than number of observations. Using 3.
2026-01-13 11:31:04,600 - INFO - Chain [1] start processing
2026-01-13 11:31:04,978 - INFO - Chain [1] done processing
2026-01-13 11:31:06,150 - INFO - n_changepoints greater than number of observations. Using 5.
2026-01-13 11:31:06,160 - INFO - Chain [1] start processing
2026-01-13 11:31:06,401 - INFO - Chain [1] done processing
2026-01-13 11:31:07,475 - INFO - n_changepoints greater than number of observations. Using 6.
2026-01-13 11:31:07,482 - INFO - Chain [1] start processing
2026-01-13 11:31:07,603 - INFO - Chain [1] done processing
2026-01-13 11:31:08,519 - INFO - n_changepoints greater than number of observations. Using 7.
2026-01-13 11:31:08,526 - INFO - Chain [1] start processing
2026-01-13 11:31:08,611 - INFO - Chain [1] done processing
2026-01-13 11:31:09,478 - INFO - n_changepoints greater than number of observations. Using 6.
2026-01-13 11:31:09,486 - INFO - Chain [1] start processing
2026-01-13 11:31:09,622 - INFO - Chain [1] done processing
2026-01-13 11:31:10,473 - INFO - n_changepoints greater than number of observations. Using 5.
2026-01-13 11:31:10,479 - INFO - Chain [1] start processing
2026-01-13 11:31:10,582 - INFO - Chain [1] done processing
2026-01-13 11:31:11,461 - INFO - n_changepoints greater than number of observations. Using 6.
2026-01-13 11:31:11,469 - INFO - Chain [1] start processing
2026-01-13 11:31:11,574 - INFO - Chain [1] done processing
2026-01-13 11:31:12,493 - INFO - n_changepoints greater than number of observations. Using 6.
2026-01-13 11:31:12,500 - INFO - Chain [1] start processing
2026-01-13 11:31:12,583 - INFO - Chain [1] done processing
2026-01-13 11:31:13,395 - INFO - n_changepoints greater than number of observations. Using 7.
2026-01-13 11:31:13,411 - INFO - Chain [1] start processing
2026-01-13 11:31:13,475 - INFO - Chain [1] done processing
2026-01-13 11:31:14,311 - INFO - n_changepoints greater than number of observations. Using 6.
2026-01-13 11:31:14,338 - INFO - Chain [1] start processing
2026-01-13 11:31:19,868 - INFO - Chain [1] done processing
2026-01-13 11:31:20,752 - INFO - n_changepoints greater than number of observations. Using 3.
2026-01-13 11:31:20,759 - INFO - Chain [1] start processing
2026-01-13 11:31:24,851 - INFO - Chain [1] done processing
2026-01-13 11:31:25,719 - INFO - n_changepoints greater than number of observations. Using 1.
2026-01-13 11:31:25,726 - INFO - Chain [1] start processing
2026-01-13 11:31:25,906 - INFO - Chain [1] done processing
2026-01-13 11:31:26,754 - INFO - n_changepoints greater than number of observations. Using 7.
2026-01-13 11:31:26,760 - INFO - Chain [1] start processing
2026-01-13 11:31:26,846 - INFO - Chain [1] done processing
2026-01-13 11:31:27,719 - INFO - n_changepoints greater than number of observations. Using 1.
2026-01-13 11:31:27,725 - INFO - Chain [1] start processing
2026-01-13 11:31:29,670 - INFO - Chain [1] done processing
2026-01-13 11:31:30,549 - INFO - n_changepoints greater than number of observations. Using 6.
2026-01-13 11:31:30,575 - INFO - Chain [1] start processing
2026-01-13 11:31:30,680 - INFO - Chain [1] done processing
2026-01-13 13:59:03,528 - INFO - Cash-in forecast script started
2026-01-13 13:59:05,488 - INFO - n_changepoints greater than number of observations. Using 1.
2026-01-13 13:59:05,500 - INFO - Chain [1] start processing
2026-01-13 13:59:06,506 - INFO - Chain [1] done processing
2026-01-13 13:59:08,255 - INFO - n_changepoints greater than number of observations. Using 2.
2026-01-13 13:59:08,263 - INFO - Chain [1] start processing
2026-01-13 13:59:10,263 - INFO - Chain [1] done processing
2026-01-13 13:59:11,156 - INFO - n_changepoints greater than number of observations. Using 1.
2026-01-13 13:59:11,162 - INFO - Chain [1] start processing
2026-01-13 13:59:11,343 - INFO - Chain [1] done processing
2026-01-13 13:59:12,293 - INFO - n_changepoints greater than number of observations. Using 1.
2026-01-13 13:59:12,300 - INFO - Chain [1] start processing
2026-01-13 13:59:12,928 - INFO - Chain [1] done processing
2026-01-13 13:59:13,877 - INFO - n_changepoints greater than number of observations. Using 4.
2026-01-13 13:59:13,886 - INFO - Chain [1] start processing
2026-01-13 13:59:14,488 - INFO - Chain [1] done processing
2026-01-13 13:59:15,469 - INFO - n_changepoints greater than number of observations. Using 5.
2026-01-13 13:59:15,476 - INFO - Chain [1] start processing
2026-01-13 13:59:15,568 - INFO - Chain [1] done processing
2026-01-13 13:59:16,514 - INFO - n_changepoints greater than number of observations. Using 3.
2026-01-13 13:59:16,521 - INFO - Chain [1] start processing
2026-01-13 13:59:16,829 - INFO - Chain [1] done processing
2026-01-13 13:59:17,762 - INFO - n_changepoints greater than number of observations. Using 5.
2026-01-13 13:59:17,770 - INFO - Chain [1] start processing
2026-01-13 13:59:17,897 - INFO - Chain [1] done processing
2026-01-13 13:59:18,950 - INFO - n_changepoints greater than number of observations. Using 6.
2026-01-13 13:59:18,956 - INFO - Chain [1] start processing
2026-01-13 13:59:19,103 - INFO - Chain [1] done processing
2026-01-13 13:59:20,034 - INFO - n_changepoints greater than number of observations. Using 7.
2026-01-13 13:59:20,042 - INFO - Chain [1] start processing
2026-01-13 13:59:20,142 - INFO - Chain [1] done processing
2026-01-13 13:59:21,091 - INFO - n_changepoints greater than number of observations. Using 6.
2026-01-13 13:59:21,099 - INFO - Chain [1] start processing
2026-01-13 13:59:21,222 - INFO - Chain [1] done processing
2026-01-13 13:59:22,144 - INFO - n_changepoints greater than number of observations. Using 5.
2026-01-13 13:59:22,150 - INFO - Chain [1] start processing
2026-01-13 13:59:22,261 - INFO - Chain [1] done processing
2026-01-13 13:59:23,202 - INFO - n_changepoints greater than number of observations. Using 6.
2026-01-13 13:59:23,210 - INFO - Chain [1] start processing
2026-01-13 13:59:23,328 - INFO - Chain [1] done processing
2026-01-13 13:59:24,295 - INFO - n_changepoints greater than number of observations. Using 6.
2026-01-13 13:59:24,302 - INFO - Chain [1] start processing
2026-01-13 13:59:24,407 - INFO - Chain [1] done processing
2026-01-13 13:59:25,338 - INFO - n_changepoints greater than number of observations. Using 7.
2026-01-13 13:59:25,346 - INFO - Chain [1] start processing
2026-01-13 13:59:25,441 - INFO - Chain [1] done processing
2026-01-13 13:59:26,382 - INFO - n_changepoints greater than number of observations. Using 6.
2026-01-13 13:59:26,391 - INFO - Chain [1] start processing
2026-01-13 13:59:32,727 - INFO - Chain [1] done processing
2026-01-13 13:59:33,952 - INFO - n_changepoints greater than number of observations. Using 3.
2026-01-13 13:59:33,960 - INFO - Chain [1] start processing
2026-01-13 13:59:38,359 - INFO - Chain [1] done processing
2026-01-13 13:59:39,570 - INFO - n_changepoints greater than number of observations. Using 1.
2026-01-13 13:59:39,580 - INFO - Chain [1] start processing
2026-01-13 13:59:39,849 - INFO - Chain [1] done processing
2026-01-13 13:59:41,062 - INFO - n_changepoints greater than number of observations. Using 7.
2026-01-13 13:59:41,070 - INFO - Chain [1] start processing
2026-01-13 13:59:41,211 - INFO - Chain [1] done processing
2026-01-13 13:59:42,385 - INFO - n_changepoints greater than number of observations. Using 1.
2026-01-13 13:59:42,394 - INFO - Chain [1] start processing
2026-01-13 13:59:45,256 - INFO - Chain [1] done processing
2026-01-13 13:59:46,745 - INFO - n_changepoints greater than number of observations. Using 6.
2026-01-13 13:59:46,755 - INFO - Chain [1] start processing
2026-01-13 13:59:46,959 - INFO - Chain [1] done processing
2026-01-13 14:48:10,653 - INFO - Cash-in forecast script started
2026-01-13 14:48:13,167 - INFO - n_changepoints greater than number of observations. Using 1.
2026-01-13 14:48:13,178 - INFO - Chain [1] start processing
2026-01-13 14:48:13,353 - INFO - Chain [1] done processing
2026-01-13 14:48:13,682 - INFO - n_changepoints greater than number of observations. Using 2.
2026-01-13 14:48:13,689 - INFO - Chain [1] start processing
2026-01-13 14:48:15,643 - INFO - Chain [1] done processing
2026-01-13 14:48:15,958 - INFO - n_changepoints greater than number of observations. Using 1.
2026-01-13 14:48:15,964 - INFO - Chain [1] start processing
2026-01-13 14:48:16,111 - INFO - Chain [1] done processing
2026-01-13 14:48:16,442 - INFO - n_changepoints greater than number of observations. Using 1.
2026-01-13 14:48:16,448 - INFO - Chain [1] start processing
2026-01-13 14:48:17,033 - INFO - Chain [1] done processing
2026-01-13 14:48:17,361 - INFO - n_changepoints greater than number of observations. Using 4.
2026-01-13 14:48:17,371 - INFO - Chain [1] start processing
2026-01-13 14:48:17,931 - INFO - Chain [1] done processing
2026-01-13 14:48:18,238 - INFO - n_changepoints greater than number of observations. Using 5.
2026-01-13 14:48:18,247 - INFO - Chain [1] start processing
2026-01-13 14:48:18,345 - INFO - Chain [1] done processing
2026-01-13 14:48:18,646 - INFO - n_changepoints greater than number of observations. Using 3.
2026-01-13 14:48:18,655 - INFO - Chain [1] start processing
2026-01-13 14:48:18,906 - INFO - Chain [1] done processing
2026-01-13 14:48:19,222 - INFO - n_changepoints greater than number of observations. Using 5.
2026-01-13 14:48:19,229 - INFO - Chain [1] start processing
2026-01-13 14:48:19,333 - INFO - Chain [1] done processing
2026-01-13 14:48:19,644 - INFO - n_changepoints greater than number of observations. Using 6.
2026-01-13 14:48:19,653 - INFO - Chain [1] start processing
2026-01-13 14:48:19,718 - INFO - Chain [1] done processing
2026-01-13 14:48:20,039 - INFO - n_changepoints greater than number of observations. Using 7.
2026-01-13 14:48:20,047 - INFO - Chain [1] start processing
2026-01-13 14:48:20,115 - INFO - Chain [1] done processing
2026-01-13 14:48:20,426 - INFO - n_changepoints greater than number of observations. Using 6.
2026-01-13 14:48:20,434 - INFO - Chain [1] start processing
2026-01-13 14:48:20,547 - INFO - Chain [1] done processing
2026-01-13 14:48:20,871 - INFO - n_changepoints greater than number of observations. Using 5.
2026-01-13 14:48:20,879 - INFO - Chain [1] start processing
2026-01-13 14:48:20,975 - INFO - Chain [1] done processing
2026-01-13 14:48:21,295 - INFO - n_changepoints greater than number of observations. Using 6.
2026-01-13 14:48:21,303 - INFO - Chain [1] start processing
2026-01-13 14:48:21,408 - INFO - Chain [1] done processing
2026-01-13 14:48:21,720 - INFO - n_changepoints greater than number of observations. Using 6.
2026-01-13 14:48:21,727 - INFO - Chain [1] start processing
2026-01-13 14:48:21,802 - INFO - Chain [1] done processing
2026-01-13 14:48:22,100 - INFO - n_changepoints greater than number of observations. Using 7.
2026-01-13 14:48:22,108 - INFO - Chain [1] start processing
2026-01-13 14:48:22,175 - INFO - Chain [1] done processing
2026-01-13 14:48:22,501 - INFO - n_changepoints greater than number of observations. Using 6.
2026-01-13 14:48:22,508 - INFO - Chain [1] start processing
2026-01-13 14:48:28,049 - INFO - Chain [1] done processing
2026-01-13 14:48:28,363 - INFO - n_changepoints greater than number of observations. Using 3.
2026-01-13 14:48:28,371 - INFO - Chain [1] start processing
2026-01-13 14:48:31,793 - INFO - Chain [1] done processing
2026-01-13 14:48:32,114 - INFO - n_changepoints greater than number of observations. Using 1.
2026-01-13 14:48:32,121 - INFO - Chain [1] start processing
2026-01-13 14:48:32,332 - INFO - Chain [1] done processing
2026-01-13 14:48:32,660 - INFO - n_changepoints greater than number of observations. Using 7.
2026-01-13 14:48:32,666 - INFO - Chain [1] start processing
2026-01-13 14:48:32,758 - INFO - Chain [1] done processing
2026-01-13 14:48:33,090 - INFO - n_changepoints greater than number of observations. Using 1.
2026-01-13 14:48:33,097 - INFO - Chain [1] start processing
2026-01-13 14:48:35,411 - INFO - Chain [1] done processing
2026-01-13 14:48:35,739 - INFO - n_changepoints greater than number of observations. Using 6.
2026-01-13 14:48:35,746 - INFO - Chain [1] start processing
2026-01-13 14:48:35,873 - INFO - Chain [1] done processing
2026-01-13 14:51:14,138 - INFO - Cash-in forecast script started
2026-01-13 14:51:15,468 - INFO - n_changepoints greater than number of observations. Using 1.
2026-01-13 14:51:15,476 - INFO - Chain [1] start processing
2026-01-13 14:51:15,687 - INFO - Chain [1] done processing
2026-01-13 14:51:16,066 - INFO - n_changepoints greater than number of observations. Using 2.
2026-01-13 14:51:16,073 - INFO - Chain [1] start processing
2026-01-13 14:51:18,207 - INFO - Chain [1] done processing
2026-01-13 14:51:18,521 - INFO - n_changepoints greater than number of observations. Using 1.
2026-01-13 14:51:18,529 - INFO - Chain [1] start processing
2026-01-13 14:51:18,696 - INFO - Chain [1] done processing
2026-01-13 14:51:19,000 - INFO - n_changepoints greater than number of observations. Using 1.
2026-01-13 14:51:19,006 - INFO - Chain [1] start processing
2026-01-13 14:51:19,648 - INFO - Chain [1] done processing
2026-01-13 14:51:20,010 - INFO - n_changepoints greater than number of observations. Using 4.
2026-01-13 14:51:20,017 - INFO - Chain [1] start processing
2026-01-13 14:51:20,635 - INFO - Chain [1] done processing
2026-01-13 14:51:20,981 - INFO - n_changepoints greater than number of observations. Using 5.
2026-01-13 14:51:20,988 - INFO - Chain [1] start processing
2026-01-13 14:51:21,081 - INFO - Chain [1] done processing
2026-01-13 14:51:21,398 - INFO - n_changepoints greater than number of observations. Using 3.
2026-01-13 14:51:21,404 - INFO - Chain [1] start processing
2026-01-13 14:51:21,654 - INFO - Chain [1] done processing
2026-01-13 14:51:22,001 - INFO - n_changepoints greater than number of observations. Using 5.
2026-01-13 14:51:22,010 - INFO - Chain [1] start processing
2026-01-13 14:51:22,110 - INFO - Chain [1] done processing
2026-01-13 14:51:22,418 - INFO - n_changepoints greater than number of observations. Using 6.
2026-01-13 14:51:22,426 - INFO - Chain [1] start processing
2026-01-13 14:51:22,491 - INFO - Chain [1] done processing
2026-01-13 14:51:22,826 - INFO - n_changepoints greater than number of observations. Using 7.
2026-01-13 14:51:22,832 - INFO - Chain [1] start processing
2026-01-13 14:51:22,902 - INFO - Chain [1] done processing
2026-01-13 14:51:23,218 - INFO - n_changepoints greater than number of observations. Using 6.
2026-01-13 14:51:23,226 - INFO - Chain [1] start processing
2026-01-13 14:51:23,360 - INFO - Chain [1] done processing
2026-01-13 14:51:23,668 - INFO - n_changepoints greater than number of observations. Using 5.
2026-01-13 14:51:23,676 - INFO - Chain [1] start processing
2026-01-13 14:51:23,757 - INFO - Chain [1] done processing
2026-01-13 14:51:24,076 - INFO - n_changepoints greater than number of observations. Using 6.
2026-01-13 14:51:24,083 - INFO - Chain [1] start processing
2026-01-13 14:51:24,194 - INFO - Chain [1] done processing
2026-01-13 14:51:24,497 - INFO - n_changepoints greater than number of observations. Using 6.
2026-01-13 14:51:24,505 - INFO - Chain [1] start processing
2026-01-13 14:51:24,587 - INFO - Chain [1] done processing
2026-01-13 14:51:24,894 - INFO - n_changepoints greater than number of observations. Using 7.
2026-01-13 14:51:24,901 - INFO - Chain [1] start processing
2026-01-13 14:51:25,007 - INFO - Chain [1] done processing
2026-01-13 14:51:25,306 - INFO - n_changepoints greater than number of observations. Using 6.
2026-01-13 14:51:25,314 - INFO - Chain [1] start processing
2026-01-13 14:51:32,973 - INFO - Chain [1] done processing
2026-01-13 14:51:33,373 - INFO - n_changepoints greater than number of observations. Using 3.
2026-01-13 14:51:33,391 - INFO - Chain [1] start processing
2026-01-13 14:51:38,301 - INFO - Chain [1] done processing
2026-01-13 14:51:38,750 - INFO - n_changepoints greater than number of observations. Using 1.
2026-01-13 14:51:38,760 - INFO - Chain [1] start processing
2026-01-13 14:51:39,007 - INFO - Chain [1] done processing
2026-01-13 14:51:39,381 - INFO - n_changepoints greater than number of observations. Using 7.
2026-01-13 14:51:39,391 - INFO - Chain [1] start processing
2026-01-13 14:51:39,497 - INFO - Chain [1] done processing
2026-01-13 14:51:39,899 - INFO - n_changepoints greater than number of observations. Using 1.
2026-01-13 14:51:39,909 - INFO - Chain [1] start processing
2026-01-13 14:51:42,842 - INFO - Chain [1] done processing
2026-01-13 14:51:43,279 - INFO - n_changepoints greater than number of observations. Using 6.
2026-01-13 14:51:43,289 - INFO - Chain [1] start processing
2026-01-13 14:51:43,545 - INFO - Chain [1] done processing
2026-01-13 14:52:08,594 - INFO - Cash-in forecast script started
2026-01-13 14:52:09,701 - INFO - n_changepoints greater than number of observations. Using 1.
2026-01-13 14:52:09,715 - INFO - Chain [1] start processing
2026-01-13 14:52:09,861 - INFO - Chain [1] done processing
2026-01-13 14:52:10,336 - INFO - n_changepoints greater than number of observations. Using 2.
2026-01-13 14:52:10,346 - INFO - Chain [1] start processing
2026-01-13 14:52:12,886 - INFO - Chain [1] done processing
2026-01-13 14:52:13,278 - INFO - n_changepoints greater than number of observations. Using 1.
2026-01-13 14:52:13,286 - INFO - Chain [1] start processing
2026-01-13 14:52:13,475 - INFO - Chain [1] done processing
2026-01-13 14:52:13,826 - INFO - n_changepoints greater than number of observations. Using 1.
2026-01-13 14:52:13,834 - INFO - Chain [1] start processing
2026-01-13 14:52:14,527 - INFO - Chain [1] done processing
2026-01-13 14:52:14,896 - INFO - n_changepoints greater than number of observations. Using 4.
2026-01-13 14:52:14,905 - INFO - Chain [1] start processing
2026-01-13 14:52:15,560 - INFO - Chain [1] done processing
2026-01-13 14:52:15,918 - INFO - n_changepoints greater than number of observations. Using 5.
2026-01-13 14:52:15,927 - INFO - Chain [1] start processing
2026-01-13 14:52:16,030 - INFO - Chain [1] done processing
2026-01-13 14:52:16,382 - INFO - n_changepoints greater than number of observations. Using 3.
2026-01-13 14:52:16,397 - INFO - Chain [1] start processing
2026-01-13 14:52:16,686 - INFO - Chain [1] done processing
2026-01-13 14:52:17,055 - INFO - n_changepoints greater than number of observations. Using 5.
2026-01-13 14:52:17,062 - INFO - Chain [1] start processing
2026-01-13 14:52:17,183 - INFO - Chain [1] done processing
2026-01-13 14:52:17,815 - INFO - n_changepoints greater than number of observations. Using 6.
2026-01-13 14:52:17,826 - INFO - Chain [1] start processing
2026-01-13 14:52:17,924 - INFO - Chain [1] done processing
2026-01-13 14:52:18,322 - INFO - n_changepoints greater than number of observations. Using 7.
2026-01-13 14:52:18,330 - INFO - Chain [1] start processing
2026-01-13 14:52:18,438 - INFO - Chain [1] done processing
2026-01-13 14:52:18,824 - INFO - n_changepoints greater than number of observations. Using 6.
2026-01-13 14:52:18,832 - INFO - Chain [1] start processing
2026-01-13 14:52:18,988 - INFO - Chain [1] done processing
2026-01-13 14:52:19,357 - INFO - n_changepoints greater than number of observations. Using 5.
2026-01-13 14:52:19,364 - INFO - Chain [1] start processing
2026-01-13 14:52:19,470 - INFO - Chain [1] done processing
2026-01-13 14:52:19,837 - INFO - n_changepoints greater than number of observations. Using 6.
2026-01-13 14:52:19,845 - INFO - Chain [1] start processing
2026-01-13 14:52:19,970 - INFO - Chain [1] done processing
2026-01-13 14:52:20,342 - INFO - n_changepoints greater than number of observations. Using 6.
2026-01-13 14:52:20,352 - INFO - Chain [1] start processing
2026-01-13 14:52:20,423 - INFO - Chain [1] done processing
2026-01-13 14:52:20,810 - INFO - n_changepoints greater than number of observations. Using 7.
2026-01-13 14:52:20,819 - INFO - Chain [1] start processing
2026-01-13 14:52:20,963 - INFO - Chain [1] done processing
2026-01-13 14:52:21,388 - INFO - n_changepoints greater than number of observations. Using 6.
2026-01-13 14:52:21,396 - INFO - Chain [1] start processing
2026-01-13 14:52:27,912 - INFO - Chain [1] done processing
2026-01-13 14:52:28,236 - INFO - n_changepoints greater than number of observations. Using 3.
2026-01-13 14:52:28,244 - INFO - Chain [1] start processing
2026-01-13 14:52:32,765 - INFO - Chain [1] done processing
2026-01-13 14:52:33,144 - INFO - n_changepoints greater than number of observations. Using 1.
2026-01-13 14:52:33,153 - INFO - Chain [1] start processing
2026-01-13 14:52:33,406 - INFO - Chain [1] done processing
2026-01-13 14:52:33,810 - INFO - n_changepoints greater than number of observations. Using 7.
2026-01-13 14:52:33,821 - INFO - Chain [1] start processing
2026-01-13 14:52:33,914 - INFO - Chain [1] done processing
2026-01-13 14:52:34,319 - INFO - n_changepoints greater than number of observations. Using 1.
2026-01-13 14:52:34,327 - INFO - Chain [1] start processing
2026-01-13 14:52:37,133 - INFO - Chain [1] done processing
2026-01-13 14:52:37,509 - INFO - n_changepoints greater than number of observations. Using 6.
2026-01-13 14:52:37,520 - INFO - Chain [1] start processing
2026-01-13 14:52:37,651 - INFO - Chain [1] done processing
2026-01-13 14:53:51,378 - INFO - Cash-in forecast script started
2026-01-13 14:53:52,437 - INFO - n_changepoints greater than number of observations. Using 1.
2026-01-13 14:53:52,449 - INFO - Chain [1] start processing
2026-01-13 14:53:52,547 - INFO - Chain [1] done processing
2026-01-13 14:53:52,900 - INFO - n_changepoints greater than number of observations. Using 2.
2026-01-13 14:53:52,908 - INFO - Chain [1] start processing
2026-01-13 14:53:54,811 - INFO - Chain [1] done processing
2026-01-13 14:53:55,149 - INFO - n_changepoints greater than number of observations. Using 1.
2026-01-13 14:53:55,156 - INFO - Chain [1] start processing
2026-01-13 14:53:55,300 - INFO - Chain [1] done processing
2026-01-13 14:53:55,624 - INFO - n_changepoints greater than number of observations. Using 1.
2026-01-13 14:53:55,630 - INFO - Chain [1] start processing
2026-01-13 14:53:56,193 - INFO - Chain [1] done processing
2026-01-13 14:53:56,505 - INFO - n_changepoints greater than number of observations. Using 4.
2026-01-13 14:53:56,512 - INFO - Chain [1] start processing
2026-01-13 14:53:57,072 - INFO - Chain [1] done processing
2026-01-13 14:53:57,397 - INFO - n_changepoints greater than number of observations. Using 5.
2026-01-13 14:53:57,406 - INFO - Chain [1] start processing
2026-01-13 14:53:57,481 - INFO - Chain [1] done processing
2026-01-13 14:53:57,802 - INFO - n_changepoints greater than number of observations. Using 3.
2026-01-13 14:53:57,810 - INFO - Chain [1] start processing
2026-01-13 14:53:58,065 - INFO - Chain [1] done processing
2026-01-13 14:53:58,373 - INFO - n_changepoints greater than number of observations. Using 5.
2026-01-13 14:53:58,379 - INFO - Chain [1] start processing
2026-01-13 14:53:58,480 - INFO - Chain [1] done processing
2026-01-13 14:53:58,790 - INFO - n_changepoints greater than number of observations. Using 6.
2026-01-13 14:53:58,797 - INFO - Chain [1] start processing
2026-01-13 14:53:58,863 - INFO - Chain [1] done processing
2026-01-13 14:53:59,194 - INFO - n_changepoints greater than number of observations. Using 7.
2026-01-13 14:53:59,202 - INFO - Chain [1] start processing
2026-01-13 14:53:59,296 - INFO - Chain [1] done processing
2026-01-13 14:53:59,649 - INFO - n_changepoints greater than number of observations. Using 6.
2026-01-13 14:53:59,657 - INFO - Chain [1] start processing
2026-01-13 14:53:59,793 - INFO - Chain [1] done processing
2026-01-13 14:54:00,098 - INFO - n_changepoints greater than number of observations. Using 5.
2026-01-13 14:54:00,105 - INFO - Chain [1] start processing
2026-01-13 14:54:00,194 - INFO - Chain [1] done processing
2026-01-13 14:54:00,509 - INFO - n_changepoints greater than number of observations. Using 6.
2026-01-13 14:54:00,517 - INFO - Chain [1] start processing
2026-01-13 14:54:00,619 - INFO - Chain [1] done processing
2026-01-13 14:54:00,943 - INFO - n_changepoints greater than number of observations. Using 6.
2026-01-13 14:54:00,951 - INFO - Chain [1] start processing
2026-01-13 14:54:01,026 - INFO - Chain [1] done processing
2026-01-13 14:54:01,329 - INFO - n_changepoints greater than number of observations. Using 7.
2026-01-13 14:54:01,344 - INFO - Chain [1] start processing
2026-01-13 14:54:01,412 - INFO - Chain [1] done processing
2026-01-13 14:54:01,730 - INFO - n_changepoints greater than number of observations. Using 6.
2026-01-13 14:54:01,739 - INFO - Chain [1] start processing
2026-01-13 14:54:07,348 - INFO - Chain [1] done processing
2026-01-13 14:54:07,654 - INFO - n_changepoints greater than number of observations. Using 3.
2026-01-13 14:54:07,662 - INFO - Chain [1] start processing
2026-01-13 14:54:11,065 - INFO - Chain [1] done processing
2026-01-13 14:54:11,391 - INFO - n_changepoints greater than number of observations. Using 1.
2026-01-13 14:54:11,398 - INFO - Chain [1] start processing
2026-01-13 14:54:11,589 - INFO - Chain [1] done processing
2026-01-13 14:54:11,898 - INFO - n_changepoints greater than number of observations. Using 7.
2026-01-13 14:54:11,906 - INFO - Chain [1] start processing
2026-01-13 14:54:11,989 - INFO - Chain [1] done processing
2026-01-13 14:54:12,303 - INFO - n_changepoints greater than number of observations. Using 1.
2026-01-13 14:54:12,313 - INFO - Chain [1] start processing
2026-01-13 14:54:14,505 - INFO - Chain [1] done processing
2026-01-13 14:54:14,801 - INFO - n_changepoints greater than number of observations. Using 6.
2026-01-13 14:54:14,811 - INFO - Chain [1] start processing
2026-01-13 14:54:14,930 - INFO - Chain [1] done processing
2026-01-13 15:04:24,098 - INFO - Cash-in forecast script started
2026-01-13 15:04:26,017 - INFO - n_changepoints greater than number of observations. Using 1.
2026-01-13 15:04:26,027 - INFO - Chain [1] start processing
2026-01-13 15:04:26,825 - INFO - Chain [1] done processing
2026-01-13 15:04:27,259 - INFO - n_changepoints greater than number of observations. Using 2.
2026-01-13 15:04:27,267 - INFO - Chain [1] start processing
2026-01-13 15:04:30,196 - INFO - Chain [1] done processing
2026-01-13 15:04:30,528 - INFO - n_changepoints greater than number of observations. Using 1.
2026-01-13 15:04:30,537 - INFO - Chain [1] start processing
2026-01-13 15:04:30,696 - INFO - Chain [1] done processing
2026-01-13 15:04:31,023 - INFO - n_changepoints greater than number of observations. Using 1.
2026-01-13 15:04:31,030 - INFO - Chain [1] start processing
2026-01-13 15:04:31,663 - INFO - Chain [1] done processing
2026-01-13 15:04:31,966 - INFO - n_changepoints greater than number of observations. Using 4.
2026-01-13 15:04:31,974 - INFO - Chain [1] start processing
2026-01-13 15:04:32,640 - INFO - Chain [1] done processing
2026-01-13 15:04:33,049 - INFO - n_changepoints greater than number of observations. Using 5.
2026-01-13 15:04:33,059 - INFO - Chain [1] start processing
2026-01-13 15:04:33,136 - INFO - Chain [1] done processing
2026-01-13 15:04:33,538 - INFO - n_changepoints greater than number of observations. Using 3.
2026-01-13 15:04:33,550 - INFO - Chain [1] start processing
2026-01-13 15:04:34,092 - INFO - Chain [1] done processing
2026-01-13 15:04:34,541 - INFO - n_changepoints greater than number of observations. Using 5.
2026-01-13 15:04:34,553 - INFO - Chain [1] start processing
2026-01-13 15:04:34,669 - INFO - Chain [1] done processing
2026-01-13 15:04:35,396 - INFO - n_changepoints greater than number of observations. Using 6.
2026-01-13 15:04:35,405 - INFO - Chain [1] start processing
2026-01-13 15:04:35,502 - INFO - Chain [1] done processing
2026-01-13 15:04:35,798 - INFO - n_changepoints greater than number of observations. Using 7.
2026-01-13 15:04:35,806 - INFO - Chain [1] start processing
2026-01-13 15:04:35,876 - INFO - Chain [1] done processing
2026-01-13 15:04:36,179 - INFO - n_changepoints greater than number of observations. Using 6.
2026-01-13 15:04:36,187 - INFO - Chain [1] start processing
2026-01-13 15:04:36,315 - INFO - Chain [1] done processing
2026-01-13 15:04:36,618 - INFO - n_changepoints greater than number of observations. Using 5.
2026-01-13 15:04:36,627 - INFO - Chain [1] start processing
2026-01-13 15:04:36,713 - INFO - Chain [1] done processing
2026-01-13 15:04:37,047 - INFO - n_changepoints greater than number of observations. Using 6.
2026-01-13 15:04:37,063 - INFO - Chain [1] start processing
2026-01-13 15:04:37,177 - INFO - Chain [1] done processing
2026-01-13 15:04:37,519 - INFO - n_changepoints greater than number of observations. Using 6.
2026-01-13 15:04:37,528 - INFO - Chain [1] start processing
2026-01-13 15:04:37,606 - INFO - Chain [1] done processing
2026-01-13 15:04:37,871 - INFO - n_changepoints greater than number of observations. Using 7.
2026-01-13 15:04:37,880 - INFO - Chain [1] start processing
2026-01-13 15:04:37,961 - INFO - Chain [1] done processing
2026-01-13 15:04:38,279 - INFO - n_changepoints greater than number of observations. Using 6.
2026-01-13 15:04:38,290 - INFO - Chain [1] start processing
2026-01-13 15:04:44,570 - INFO - Chain [1] done processing
2026-01-13 15:04:44,863 - INFO - n_changepoints greater than number of observations. Using 3.
2026-01-13 15:04:44,872 - INFO - Chain [1] start processing
2026-01-13 15:04:49,175 - INFO - Chain [1] done processing
2026-01-13 15:04:49,450 - INFO - n_changepoints greater than number of observations. Using 1.
2026-01-13 15:04:49,457 - INFO - Chain [1] start processing
2026-01-13 15:04:49,633 - INFO - Chain [1] done processing
2026-01-13 15:04:49,906 - INFO - n_changepoints greater than number of observations. Using 7.
2026-01-13 15:04:49,915 - INFO - Chain [1] start processing
2026-01-13 15:04:49,985 - INFO - Chain [1] done processing
2026-01-13 15:04:50,259 - INFO - n_changepoints greater than number of observations. Using 1.
2026-01-13 15:04:50,269 - INFO - Chain [1] start processing
2026-01-13 15:04:52,226 - INFO - Chain [1] done processing
2026-01-13 15:04:52,507 - INFO - n_changepoints greater than number of observations. Using 6.
2026-01-13 15:04:52,516 - INFO - Chain [1] start processing
2026-01-13 15:04:52,614 - INFO - Chain [1] done processing
2026-01-14 10:42:18,632 - INFO - Cash-in forecast script started
2026-01-14 10:42:21,193 - INFO - n_changepoints greater than number of observations. Using 1.
2026-01-14 10:42:21,201 - INFO - Chain [1] start processing
2026-01-14 10:42:21,803 - INFO - Chain [1] done processing
2026-01-14 10:42:22,104 - INFO - n_changepoints greater than number of observations. Using 2.
2026-01-14 10:42:22,112 - INFO - Chain [1] start processing
2026-01-14 10:42:24,467 - INFO - Chain [1] done processing
2026-01-14 10:42:24,731 - INFO - n_changepoints greater than number of observations. Using 1.
2026-01-14 10:42:24,737 - INFO - Chain [1] start processing
2026-01-14 10:42:24,918 - INFO - Chain [1] done processing
2026-01-14 10:42:25,178 - INFO - n_changepoints greater than number of observations. Using 1.
2026-01-14 10:42:25,184 - INFO - Chain [1] start processing
2026-01-14 10:42:25,716 - INFO - Chain [1] done processing
2026-01-14 10:42:25,974 - INFO - n_changepoints greater than number of observations. Using 4.
2026-01-14 10:42:25,981 - INFO - Chain [1] start processing
2026-01-14 10:42:26,545 - INFO - Chain [1] done processing
2026-01-14 10:42:26,820 - INFO - n_changepoints greater than number of observations. Using 5.
2026-01-14 10:42:26,827 - INFO - Chain [1] start processing
2026-01-14 10:42:26,945 - INFO - Chain [1] done processing
2026-01-14 10:42:27,204 - INFO - n_changepoints greater than number of observations. Using 3.
2026-01-14 10:42:27,211 - INFO - Chain [1] start processing
2026-01-14 10:42:27,533 - INFO - Chain [1] done processing
2026-01-14 10:42:27,793 - INFO - n_changepoints greater than number of observations. Using 5.
2026-01-14 10:42:27,800 - INFO - Chain [1] start processing
2026-01-14 10:42:27,938 - INFO - Chain [1] done processing
2026-01-14 10:42:28,199 - INFO - n_changepoints greater than number of observations. Using 6.
2026-01-14 10:42:28,206 - INFO - Chain [1] start processing
2026-01-14 10:42:28,335 - INFO - Chain [1] done processing
2026-01-14 10:42:28,576 - INFO - n_changepoints greater than number of observations. Using 7.
2026-01-14 10:42:28,582 - INFO - Chain [1] start processing
2026-01-14 10:42:28,713 - INFO - Chain [1] done processing
2026-01-14 10:42:28,955 - INFO - n_changepoints greater than number of observations. Using 6.
2026-01-14 10:42:28,983 - INFO - Chain [1] start processing
2026-01-14 10:42:29,114 - INFO - Chain [1] done processing
2026-01-14 10:42:29,372 - INFO - n_changepoints greater than number of observations. Using 5.
2026-01-14 10:42:29,380 - INFO - Chain [1] start processing
2026-01-14 10:42:29,498 - INFO - Chain [1] done processing
2026-01-14 10:42:29,754 - INFO - n_changepoints greater than number of observations. Using 6.
2026-01-14 10:42:29,761 - INFO - Chain [1] start processing
2026-01-14 10:42:29,876 - INFO - Chain [1] done processing
2026-01-14 10:42:30,134 - INFO - n_changepoints greater than number of observations. Using 6.
2026-01-14 10:42:30,142 - INFO - Chain [1] start processing
2026-01-14 10:42:30,260 - INFO - Chain [1] done processing
2026-01-14 10:42:30,507 - INFO - n_changepoints greater than number of observations. Using 7.
2026-01-14 10:42:30,513 - INFO - Chain [1] start processing
2026-01-14 10:42:30,620 - INFO - Chain [1] done processing
2026-01-14 10:42:30,880 - INFO - n_changepoints greater than number of observations. Using 6.
2026-01-14 10:42:30,911 - INFO - Chain [1] start processing
2026-01-14 10:42:36,299 - INFO - Chain [1] done processing
2026-01-14 10:42:36,565 - INFO - n_changepoints greater than number of observations. Using 3.
2026-01-14 10:42:36,571 - INFO - Chain [1] start processing
2026-01-14 10:42:40,560 - INFO - Chain [1] done processing
2026-01-14 10:42:40,814 - INFO - n_changepoints greater than number of observations. Using 1.
2026-01-14 10:42:40,820 - INFO - Chain [1] start processing
2026-01-14 10:42:41,035 - INFO - Chain [1] done processing
2026-01-14 10:42:42,408 - INFO - n_changepoints greater than number of observations. Using 7.
2026-01-14 10:42:42,419 - INFO - Chain [1] start processing
2026-01-14 10:42:42,581 - INFO - Chain [1] done processing
2026-01-14 10:42:42,857 - INFO - n_changepoints greater than number of observations. Using 1.
2026-01-14 10:42:42,864 - INFO - Chain [1] start processing
2026-01-14 10:42:44,790 - INFO - Chain [1] done processing
2026-01-14 10:42:45,049 - INFO - n_changepoints greater than number of observations. Using 6.
2026-01-14 10:42:45,056 - INFO - Chain [1] start processing
2026-01-14 10:42:45,234 - INFO - Chain [1] done processing
2026-01-15 11:05:33,839 - INFO - Cash-in forecast script started
2026-01-16 10:42:23,090 - INFO - Cash-in forecast script started
2026-01-16 10:42:26,835 - INFO - n_changepoints greater than number of observations. Using 1.
2026-01-16 10:42:26,847 - INFO - Chain [1] start processing
2026-01-16 10:42:27,497 - INFO - Chain [1] done processing
2026-01-16 10:42:27,818 - INFO - n_changepoints greater than number of observations. Using 2.
2026-01-16 10:42:27,825 - INFO - Chain [1] start processing
2026-01-16 10:42:30,352 - INFO - Chain [1] done processing
2026-01-16 10:42:30,651 - INFO - n_changepoints greater than number of observations. Using 1.
2026-01-16 10:42:30,659 - INFO - Chain [1] start processing
2026-01-16 10:42:30,831 - INFO - Chain [1] done processing
2026-01-16 10:42:31,125 - INFO - n_changepoints greater than number of observations. Using 1.
2026-01-16 10:42:31,132 - INFO - Chain [1] start processing
2026-01-16 10:42:31,741 - INFO - Chain [1] done processing
2026-01-16 10:42:32,011 - INFO - n_changepoints greater than number of observations. Using 4.
2026-01-16 10:42:32,018 - INFO - Chain [1] start processing
2026-01-16 10:42:32,604 - INFO - Chain [1] done processing
2026-01-16 10:42:33,093 - INFO - n_changepoints greater than number of observations. Using 5.
2026-01-16 10:42:33,101 - INFO - Chain [1] start processing
2026-01-16 10:42:33,206 - INFO - Chain [1] done processing
2026-01-16 10:42:33,505 - INFO - n_changepoints greater than number of observations. Using 3.
2026-01-16 10:42:33,512 - INFO - Chain [1] start processing
2026-01-16 10:42:33,816 - INFO - Chain [1] done processing
2026-01-16 10:42:34,170 - INFO - n_changepoints greater than number of observations. Using 5.
2026-01-16 10:42:34,187 - INFO - Chain [1] start processing
2026-01-16 10:42:34,403 - INFO - Chain [1] done processing
2026-01-16 10:42:34,734 - INFO - n_changepoints greater than number of observations. Using 6.
2026-01-16 10:42:34,741 - INFO - Chain [1] start processing
2026-01-16 10:42:34,853 - INFO - Chain [1] done processing
2026-01-16 10:42:35,107 - INFO - n_changepoints greater than number of observations. Using 7.
2026-01-16 10:42:35,114 - INFO - Chain [1] start processing
2026-01-16 10:42:35,212 - INFO - Chain [1] done processing
2026-01-16 10:42:35,516 - INFO - n_changepoints greater than number of observations. Using 6.
2026-01-16 10:42:35,523 - INFO - Chain [1] start processing
2026-01-16 10:42:35,666 - INFO - Chain [1] done processing
2026-01-16 10:42:36,082 - INFO - n_changepoints greater than number of observations. Using 5.
2026-01-16 10:42:36,089 - INFO - Chain [1] start processing
2026-01-16 10:42:36,205 - INFO - Chain [1] done processing
2026-01-16 10:42:36,493 - INFO - n_changepoints greater than number of observations. Using 6.
2026-01-16 10:42:36,503 - INFO - Chain [1] start processing
2026-01-16 10:42:36,616 - INFO - Chain [1] done processing
2026-01-16 10:42:36,898 - INFO - n_changepoints greater than number of observations. Using 6.
2026-01-16 10:42:36,906 - INFO - Chain [1] start processing
2026-01-16 10:42:36,990 - INFO - Chain [1] done processing
2026-01-16 10:42:37,258 - INFO - n_changepoints greater than number of observations. Using 7.
2026-01-16 10:42:37,266 - INFO - Chain [1] start processing
2026-01-16 10:42:37,356 - INFO - Chain [1] done processing
2026-01-16 10:42:37,636 - INFO - n_changepoints greater than number of observations. Using 6.
2026-01-16 10:42:37,644 - INFO - Chain [1] start processing
2026-01-16 10:42:43,284 - INFO - Chain [1] done processing
2026-01-16 10:42:43,557 - INFO - n_changepoints greater than number of observations. Using 3.
2026-01-16 10:42:43,565 - INFO - Chain [1] start processing
2026-01-16 10:42:47,986 - INFO - Chain [1] done processing
2026-01-16 10:42:48,255 - INFO - n_changepoints greater than number of observations. Using 1.
2026-01-16 10:42:48,261 - INFO - Chain [1] start processing
2026-01-16 10:42:48,455 - INFO - Chain [1] done processing
2026-01-16 10:42:48,725 - INFO - n_changepoints greater than number of observations. Using 7.
2026-01-16 10:42:48,738 - INFO - Chain [1] start processing
2026-01-16 10:42:48,829 - INFO - Chain [1] done processing
2026-01-16 10:42:49,102 - INFO - n_changepoints greater than number of observations. Using 1.
2026-01-16 10:42:49,111 - INFO - Chain [1] start processing
2026-01-16 10:42:51,187 - INFO - Chain [1] done processing
2026-01-16 10:42:51,453 - INFO - n_changepoints greater than number of observations. Using 6.
2026-01-16 10:42:51,462 - INFO - Chain [1] start processing
2026-01-16 10:42:51,588 - INFO - Chain [1] done processing
2026-01-19 10:44:47,002 - INFO - Cash-in forecast script started
2026-01-19 10:44:56,541 - INFO - n_changepoints greater than number of observations. Using 1.
2026-01-19 10:44:56,564 - INFO - Chain [1] start processing
2026-01-19 10:44:59,328 - INFO - Chain [1] done processing
2026-01-19 10:45:00,728 - INFO - n_changepoints greater than number of observations. Using 2.
2026-01-19 10:45:00,746 - INFO - Chain [1] start processing
2026-01-19 10:45:07,510 - INFO - Chain [1] done processing
2026-01-19 10:45:08,269 - INFO - n_changepoints greater than number of observations. Using 1.
2026-01-19 10:45:08,282 - INFO - Chain [1] start processing
2026-01-19 10:45:09,047 - INFO - Chain [1] done processing
2026-01-19 10:45:10,003 - INFO - n_changepoints greater than number of observations. Using 1.
2026-01-19 10:45:10,016 - INFO - Chain [1] start processing
2026-01-19 10:45:11,711 - INFO - Chain [1] done processing
2026-01-19 10:45:12,241 - INFO - n_changepoints greater than number of observations. Using 4.
2026-01-19 10:45:12,258 - INFO - Chain [1] start processing
2026-01-19 10:45:15,426 - INFO - Chain [1] done processing
2026-01-19 10:45:16,611 - INFO - n_changepoints greater than number of observations. Using 5.
2026-01-19 10:45:16,628 - INFO - Chain [1] start processing
2026-01-19 10:45:17,767 - INFO - Chain [1] done processing
2026-01-19 10:45:19,179 - INFO - n_changepoints greater than number of observations. Using 3.
2026-01-19 10:45:19,194 - INFO - Chain [1] start processing
2026-01-19 10:45:19,892 - INFO - Chain [1] done processing
2026-01-19 10:45:20,447 - INFO - n_changepoints greater than number of observations. Using 5.
2026-01-19 10:45:20,542 - INFO - Chain [1] start processing
2026-01-19 10:45:20,972 - INFO - Chain [1] done processing
2026-01-19 10:45:21,947 - INFO - n_changepoints greater than number of observations. Using 6.
2026-01-19 10:45:21,965 - INFO - Chain [1] start processing
2026-01-19 10:45:22,121 - INFO - Chain [1] done processing
2026-01-19 10:45:22,816 - INFO - n_changepoints greater than number of observations. Using 7.
2026-01-19 10:45:22,941 - INFO - Chain [1] start processing
2026-01-19 10:45:23,788 - INFO - Chain [1] done processing
2026-01-19 10:45:24,369 - INFO - n_changepoints greater than number of observations. Using 6.
2026-01-19 10:45:24,383 - INFO - Chain [1] start processing
2026-01-19 10:45:24,792 - INFO - Chain [1] done processing
2026-01-19 10:45:25,414 - INFO - n_changepoints greater than number of observations. Using 5.
2026-01-19 10:45:25,429 - INFO - Chain [1] start processing
2026-01-19 10:45:26,001 - INFO - Chain [1] done processing
2026-01-19 10:45:26,538 - INFO - n_changepoints greater than number of observations. Using 6.
2026-01-19 10:45:26,553 - INFO - Chain [1] start processing
2026-01-19 10:45:26,750 - INFO - Chain [1] done processing
2026-01-19 10:45:28,131 - INFO - n_changepoints greater than number of observations. Using 6.
2026-01-19 10:45:28,146 - INFO - Chain [1] start processing
2026-01-19 10:45:28,378 - INFO - Chain [1] done processing
2026-01-19 10:45:29,013 - INFO - n_changepoints greater than number of observations. Using 7.
2026-01-19 10:45:29,028 - INFO - Chain [1] start processing
2026-01-19 10:45:29,238 - INFO - Chain [1] done processing
2026-01-19 10:45:29,969 - INFO - n_changepoints greater than number of observations. Using 6.
2026-01-19 10:45:29,986 - INFO - Chain [1] start processing
2026-01-19 10:45:44,968 - INFO - Chain [1] done processing
2026-01-19 10:45:45,805 - INFO - n_changepoints greater than number of observations. Using 3.
2026-01-19 10:45:45,822 - INFO - Chain [1] start processing
2026-01-19 10:45:57,286 - INFO - Chain [1] done processing
2026-01-19 10:45:57,903 - INFO - n_changepoints greater than number of observations. Using 1.
2026-01-19 10:45:57,917 - INFO - Chain [1] start processing
2026-01-19 10:45:58,898 - INFO - Chain [1] done processing
2026-01-19 10:45:59,608 - INFO - n_changepoints greater than number of observations. Using 7.
2026-01-19 10:45:59,625 - INFO - Chain [1] start processing
2026-01-19 10:45:59,919 - INFO - Chain [1] done processing
2026-01-19 10:46:01,027 - INFO - n_changepoints greater than number of observations. Using 1.
2026-01-19 10:46:01,042 - INFO - Chain [1] start processing
2026-01-19 10:46:07,332 - INFO - Chain [1] done processing
2026-01-19 10:46:08,010 - INFO - n_changepoints greater than number of observations. Using 6.
2026-01-19 10:46:08,493 - INFO - Chain [1] start processing
2026-01-19 10:46:08,969 - INFO - Chain [1] done processing
2026-01-20 10:42:21,788 - INFO - Cash-in forecast script started
2026-01-20 10:42:25,256 - INFO - n_changepoints greater than number of observations. Using 1.
2026-01-20 10:42:25,268 - INFO - Chain [1] start processing
2026-01-20 10:42:26,020 - INFO - Chain [1] done processing
2026-01-20 10:42:26,942 - INFO - n_changepoints greater than number of observations. Using 2.
2026-01-20 10:42:26,952 - INFO - Chain [1] start processing
2026-01-20 10:42:32,866 - INFO - Chain [1] done processing
2026-01-20 10:42:33,758 - INFO - n_changepoints greater than number of observations. Using 1.
2026-01-20 10:42:33,770 - INFO - Chain [1] start processing
2026-01-20 10:42:34,089 - INFO - Chain [1] done processing
2026-01-20 10:42:34,680 - INFO - n_changepoints greater than number of observations. Using 1.
2026-01-20 10:42:34,689 - INFO - Chain [1] start processing
2026-01-20 10:42:35,706 - INFO - Chain [1] done processing
2026-01-20 10:42:36,237 - INFO - n_changepoints greater than number of observations. Using 4.
2026-01-20 10:42:36,248 - INFO - Chain [1] start processing
2026-01-20 10:42:37,285 - INFO - Chain [1] done processing
2026-01-20 10:42:37,701 - INFO - n_changepoints greater than number of observations. Using 5.
2026-01-20 10:42:37,711 - INFO - Chain [1] start processing
2026-01-20 10:42:37,945 - INFO - Chain [1] done processing
2026-01-20 10:42:39,008 - INFO - n_changepoints greater than number of observations. Using 3.
2026-01-20 10:42:39,016 - INFO - Chain [1] start processing
2026-01-20 10:42:39,499 - INFO - Chain [1] done processing
2026-01-20 10:42:39,968 - INFO - n_changepoints greater than number of observations. Using 5.
2026-01-20 10:42:39,978 - INFO - Chain [1] start processing
2026-01-20 10:42:40,209 - INFO - Chain [1] done processing
2026-01-20 10:42:40,740 - INFO - n_changepoints greater than number of observations. Using 6.
2026-01-20 10:42:40,759 - INFO - Chain [1] start processing
2026-01-20 10:42:40,899 - INFO - Chain [1] done processing
2026-01-20 10:42:41,900 - INFO - n_changepoints greater than number of observations. Using 7.
2026-01-20 10:42:41,910 - INFO - Chain [1] start processing
2026-01-20 10:42:42,063 - INFO - Chain [1] done processing
2026-01-20 10:42:42,610 - INFO - n_changepoints greater than number of observations. Using 6.
2026-01-20 10:42:42,622 - INFO - Chain [1] start processing
2026-01-20 10:42:42,854 - INFO - Chain [1] done processing
2026-01-20 10:42:43,373 - INFO - n_changepoints greater than number of observations. Using 5.
2026-01-20 10:42:43,382 - INFO - Chain [1] start processing
2026-01-20 10:42:43,577 - INFO - Chain [1] done processing
2026-01-20 10:42:44,070 - INFO - n_changepoints greater than number of observations. Using 6.
2026-01-20 10:42:44,082 - INFO - Chain [1] start processing
2026-01-20 10:42:44,243 - INFO - Chain [1] done processing
2026-01-20 10:42:44,715 - INFO - n_changepoints greater than number of observations. Using 6.
2026-01-20 10:42:44,735 - INFO - Chain [1] start processing
2026-01-20 10:42:44,875 - INFO - Chain [1] done processing
2026-01-20 10:42:45,501 - INFO - n_changepoints greater than number of observations. Using 7.
2026-01-20 10:42:45,516 - INFO - Chain [1] start processing
2026-01-20 10:42:45,697 - INFO - Chain [1] done processing
2026-01-20 10:42:46,220 - INFO - n_changepoints greater than number of observations. Using 6.
2026-01-20 10:42:46,229 - INFO - Chain [1] start processing
2026-01-20 10:50:17,256 - INFO - Chain [1] done processing
2026-01-20 10:50:42,093 - INFO - n_changepoints greater than number of observations. Using 3.
2026-01-20 10:50:42,195 - INFO - Chain [1] start processing
2026-01-20 10:50:49,364 - INFO - Chain [1] done processing
2026-01-20 10:50:49,865 - INFO - n_changepoints greater than number of observations. Using 1.
2026-01-20 10:50:49,878 - INFO - Chain [1] start processing
2026-01-20 10:50:50,219 - INFO - Chain [1] done processing
2026-01-20 10:50:50,813 - INFO - n_changepoints greater than number of observations. Using 7.
2026-01-20 10:50:50,836 - INFO - Chain [1] start processing
2026-01-20 10:50:51,018 - INFO - Chain [1] done processing
2026-01-20 10:50:51,549 - INFO - n_changepoints greater than number of observations. Using 1.
2026-01-20 10:50:51,566 - INFO - Chain [1] start processing
2026-01-20 10:50:54,910 - INFO - Chain [1] done processing
2026-01-20 10:50:55,359 - INFO - n_changepoints greater than number of observations. Using 6.
2026-01-20 10:50:55,405 - INFO - Chain [1] start processing
2026-01-20 10:50:55,615 - INFO - Chain [1] done processing
